// Jest Snapshot v1, https://goo.gl/fbAQLP

exports[`Snapshot test should match snapshot 1`] = `
<span
  className="text -message"
/>
`;
